--- image metadata files ---
images/base/alpine/3.21/image.yaml
images/base/alpine/3.22/image.yaml
images/base/alpine/3.23/image.yaml
images/base/alpine/3.24/image.yaml
images/base/busybox/1.36.0/image.yaml
images/base/busybox/1.36.1/image.yaml
images/base/busybox/1.37.0/image.yaml
images/base/busybox/1.38.0/image.yaml
images/base/debian/11/image.yaml
images/base/debian/12/image.yaml
images/base/debian/13/image.yaml
images/base/ubuntu/20.04/image.yaml
images/base/ubuntu/22.04/image.yaml
images/base/ubuntu/24.04/image.yaml
images/base/ubuntu/26.04/image.yaml
images/frameworks/react/image.yaml
images/frameworks/vite/image.yaml
images/runtimes/java/21/image.yaml
images/runtimes/node/22/image.yaml
images/runtimes/python/3.13/image.yaml
images/services/nginx/image.yaml
--- YAML parse ---
YAML parse passed
--- inline upstream/registry mappings ---
images/services/nginx/image.yaml:6:upstream: {image: docker.io/library/nginx, tag: stable-bookworm, digest: sha256:REPLACE_WITH_VERIFIED_DIGEST}
images/services/nginx/image.yaml:8:registry: {repository: ghcr.io/example-org/base-images/nginx}
images/frameworks/react/image.yaml:12:registry: {repository: ghcr.io/example-org/base-images/framework-react}
images/base/ubuntu/22.04/image.yaml:11:registry: {repository: ghcr.io/example-org/base-images/ubuntu}
images/runtimes/node/22/image.yaml:6:upstream: {image: docker.io/library/node, tag: 22-bookworm-slim, digest: sha256:REPLACE_WITH_VERIFIED_DIGEST}
images/runtimes/node/22/image.yaml:8:registry: {repository: ghcr.io/example-org/base-images/node}
images/frameworks/vite/image.yaml:12:registry: {repository: ghcr.io/example-org/base-images/framework-vite}
images/base/ubuntu/26.04/image.yaml:11:registry: {repository: ghcr.io/example-org/base-images/ubuntu}
images/base/ubuntu/24.04/image.yaml:11:registry: {repository: ghcr.io/example-org/base-images/ubuntu}
images/runtimes/java/21/image.yaml:11:registry: {repository: ghcr.io/example-org/base-images/java}
images/base/ubuntu/20.04/image.yaml:11:registry: {repository: ghcr.io/example-org/base-images/ubuntu}
images/runtimes/python/3.13/image.yaml:6:upstream: {image: docker.io/library/python, tag: 3.13-slim-bookworm, digest: sha256:REPLACE_WITH_VERIFIED_DIGEST}
images/runtimes/python/3.13/image.yaml:8:registry: {repository: ghcr.io/example-org/base-images/python}
--- metadata structural validation ---
ERROR: images/base/alpine/3.21/image.yaml must contain a verified sha256 digest
ERROR: images/base/alpine/3.22/image.yaml must contain a verified sha256 digest
ERROR: images/base/alpine/3.23/image.yaml must contain a verified sha256 digest
ERROR: images/base/alpine/3.24/image.yaml must contain a verified sha256 digest
ERROR: images/base/busybox/1.36.0/image.yaml must contain a verified sha256 digest
ERROR: images/base/busybox/1.36.1/image.yaml must contain a verified sha256 digest
ERROR: images/base/busybox/1.37.0/image.yaml must contain a verified sha256 digest
ERROR: images/base/busybox/1.38.0/image.yaml must contain a verified sha256 digest
ERROR: images/frameworks/react/image.yaml must contain a verified sha256 digest
ERROR: images/frameworks/vite/image.yaml must contain a verified sha256 digest
ERROR: images/runtimes/java/21/image.yaml must contain a verified sha256 digest
ERROR: images/runtimes/node/22/image.yaml must contain a verified sha256 digest
ERROR: images/runtimes/python/3.13/image.yaml must contain a verified sha256 digest
ERROR: images/services/nginx/image.yaml must contain a verified sha256 digest
--- Dockerfile validation ---
Dockerfile policy is valid.
--- catalog path check ---
Catalog paths passed
